// Jest Snapshot v1, https://goo.gl/fbAQLP

exports[`renders correctly 1`] = `
<View
  style={
    Object {
      "alignItems": "center",
      "backgroundColor": "#0f0f0f",
      "flex": 1,
      "justifyContent": "flex-start",
    }
  }
>
  <View
    style={
      Object {
        "alignItems": "center",
        "backgroundColor": "#0f0f0f",
        "flexDirection": "row",
        "height": 143.55555555555554,
        "justifyContent": "center",
        "width": 750,
      }
    }
  >
    <Text
      style={
        Object {
          "color": "white",
          "fontSize": 18,
          "fontWeight": "bold",
        }
      }
    >
      + d'Infos
    </Text>
    <View
      style={
        Object {
          "marginLeft": 140,
        }
      }
    >
      <View
        accessible={true}
        isTVSelectable={true}
        onResponderGrant={[Function]}
        onResponderMove={[Function]}
        onResponderRelease={[Function]}
        onResponderTerminate={[Function]}
        onResponderTerminationRequest={[Function]}
        onStartShouldSetResponder={[Function]}
        style={
          Object {
            "opacity": 1,
          }
        }
      >
        <Text
          style={
            Object {
              "color": "white",
            }
          }
        >
          Retour
        </Text>
      </View>
    </View>
  </View>
  <View
    style={
      Array [
        Object {
          "backgroundColor": "#f7bd13",
        },
        Object {
          "height": 16.15,
          "width": 750,
        },
      ]
    }
  />
  <RCTScrollView
    style={
      Object {
        "flex": 1,
      }
    }
  >
    <View>
      <Text>
        

      </Text>
      <View
        style={
          Array [
            Object {
              "flexDirection": "row",
              "justifyContent": "center",
            },
            Object {
              "height": 86.13333333333334,
              "width": 750,
            },
          ]
        }
      >
        <Text
          style={
            Object {
              "color": "#f7bd13",
              "fontSize": 18,
              "fontWeight": "200",
              "textAlign": "center",
              "textAlignVertical": "center",
            }
          }
        >
          Le GC, quésaco ?
        </Text>
      </View>
      <View
        style={
          Array [
            Object {
              "flexDirection": "row",
              "justifyContent": "center",
            },
            Object {
              "width": 750,
            },
          ]
        }
      >
        <Text
          style={
            Object {
              "color": "#f4f4f4",
              "fontSize": 16,
              "fontWeight": "100",
              "marginLeft": 20,
              "marginRight": 20,
              "textAlign": "justify",
              "textAlignVertical": "center",
            }
          }
        >
          Le Grand Cercle, c'est un des plus importants BDE de France, qui regroupe toutes les écoles de Grenoble INP, soit au total près de 6000 étudiants. Il est là pour créer une harmonie et une cohésion entre les six écoles d'ingénieurs et la prépa intégrée. De l'intégration à la diplomation des étudiants, le Grand Cercle a pour mission de proposer tout au long de l'année, grâce à son équipe de 60 étudiants ultra-motivés, des événements de grande ampleur, allant d'événements sportifs à son prestigieux Gala qui regroupe pas moins de 1600 personnes.
          


          Le Grand Cercle propose également des réductions avantageuses et pertinentes chez ses partenaires, de sorte que les étudiants puissent profiter pleinement de leurs années à Grenoble grâce à la CVA.
          


          Enfin, grâce à des actions concrètes, le GC sensibilise les étudiants aux questions du développement durable et de la prévention à travers chacun de ses événements.
        </Text>
      </View>
      <Text>
        
 

      </Text>
      <View
        style={
          Array [
            Object {
              "flexDirection": "row",
              "justifyContent": "center",
            },
            Object {
              "height": 86.13333333333334,
              "width": 750,
            },
          ]
        }
      >
        <Text
          style={
            Object {
              "color": "#f7bd13",
              "fontSize": 18,
              "fontWeight": "200",
              "textAlign": "center",
              "textAlignVertical": "center",
            }
          }
        >
          ... le but de l'application...
        </Text>
      </View>
      <View
        style={
          Array [
            Object {
              "flexDirection": "row",
              "justifyContent": "center",
            },
            Object {
              "width": 750,
            },
          ]
        }
      >
        <Text
          style={
            Object {
              "color": "#f4f4f4",
              "fontSize": 16,
              "fontWeight": "100",
              "marginLeft": 20,
              "marginRight": 20,
              "textAlign": "justify",
              "textAlignVertical": "center",
            }
          }
        >
          L'application est conçue pour aider les étudiants au quotidien. Elle regroupe l'ensemble des événements organisés par les cercles et associations de Grenoble INP, permettant aux étudiants de voir ce qui est organisé pour eux et parfois par eux durant leurs années d'études en école d'ingénieur.
          

          Elle apporte aussi de la visibilité aux nombreux partenaires qui nous suivent chaque année dans le cadre de la CVA, en les géolocalisant dans la ville, en détaillant les partenariats négociés avec eux.
          

          Elle permet également aux étudiants ayant acheté la CVA de pouvoir la dématérialiser.
        </Text>
      </View>
      <Text>
        
 

      </Text>
      <View
        style={
          Array [
            Object {
              "flexDirection": "row",
              "justifyContent": "center",
            },
            Object {
              "height": 86.13333333333334,
              "width": 750,
            },
          ]
        }
      >
        <Text
          style={
            Object {
              "color": "#f7bd13",
              "fontSize": 18,
              "fontWeight": "200",
              "textAlign": "center",
              "textAlignVertical": "center",
            }
          }
        >
          ... les différents pôles...
        </Text>
      </View>
      <View
        style={
          Array [
            Object {
              "flexDirection": "row",
              "justifyContent": "center",
            },
            Object {
              "width": 750,
            },
          ]
        }
      >
        <Text
          style={
            Object {
              "color": "#f4f4f4",
              "fontSize": 16,
              "fontWeight": "100",
              "marginLeft": 20,
              "marginRight": 20,
              "textAlign": "justify",
              "textAlignVertical": "center",
            }
          }
        >
          Comme beaucoup d'associations, le Grand Cercle s'organise en différents pôles. 
          


          Le Bureau : Il regroupe le/la président(e), le/la secrétaire, le/la trésorier(e), le/la vice-président(e) événementiel, le/la vice-président(e) partenariats, le/la vice-président(e) clubs & associations, le/la vice-président(e) communication
          


          Le pôle événementiel : L'organisation des événements c'est nous. Que ça soit sportivement (Ol'INPiades) ou par des soirées (soirée d'inté, les MINPs) en passant par le chic du Gala, on est là pour rassembler et ambiancer l'INP. Un seul mot d'ordre : prendre autant de plaisir qu'on veut en donner !
          


          Le pôle clubs & associations : Si tu veux soutenir et gérer les clubs & associations de Grenoble INP c'est par ici que ça se passe ! Tu peux travailler sur différents projets comme l'idex ou le TEDx, ou bien faire évoluer les mentalités en travaillant sur de la prévention et en sensibilisant au dévelopement durable.
          


          Le pôle logistique : Gestion des stocks, du matériel et installation pour les événements (courses, location de tireuses/planchas). Principaux centres d'intérêts : les camions, la bière et les rapports.
          


          Le pôle partenariats : Dans ce pôle, on est en charge de démarcher et d'entretenir des partenariats pertinents pour les étudiants via la CVA. On est également en charge de la recherche des lots ponctuels ou de subventions lors de soirées typiques comme par exemple lors du Gala annuel. 
          


          Le pôle communication : Ici, on s'occupe de la partie community management (facebook, twitter, instagram, snapchat, site internet, application, mails), de tout ce qui touche aux graphismes, aux teasers vidéos, aux supports papiers événtuels (journal mensuel), et à chercher de nouveaux moyens de promotions originaux et créatifs.
        </Text>
      </View>
      <Text>
        
 

      </Text>
      <View
        style={
          Array [
            Object {
              "flexDirection": "row",
              "justifyContent": "center",
            },
            Object {
              "height": 86.13333333333334,
              "width": 750,
            },
          ]
        }
      >
        <Text
          style={
            Object {
              "color": "#f7bd13",
              "fontSize": 18,
              "fontWeight": "200",
              "textAlign": "center",
              "textAlignVertical": "center",
            }
          }
        >
          ... le recrutement...
        </Text>
      </View>
      <View
        style={
          Array [
            Object {
              "flexDirection": "row",
              "justifyContent": "center",
            },
            Object {
              "width": 750,
            },
          ]
        }
      >
        <Text
          style={
            Object {
              "color": "#f4f4f4",
              "fontSize": 16,
              "fontWeight": "100",
              "marginLeft": 20,
              "marginRight": 20,
              "textAlign": "justify",
              "textAlignVertical": "center",
            }
          }
        >
          Que tu sois 1A, 2A, listé(e) ou non, sache que tu peux candidater pour être membre de l'association, et ce quand tu le veux ! Un maître mot chez nous : la vie des étudiants, de tous les étudiants, par les étudiants. Alors oui, tu as ta pierre à apporter à l'édifice !  
          

          En général, les recrutements se font majoritairement durant la période post-campagnes, lorsque les 3A partent en stage de fin d'études.
        </Text>
      </View>
      <Text>
        
 

      </Text>
      <View
        style={
          Array [
            Object {
              "flexDirection": "row",
              "justifyContent": "center",
            },
            Object {
              "height": 86.13333333333334,
              "width": 750,
            },
          ]
        }
      >
        <Text
          style={
            Object {
              "color": "#f7bd13",
              "fontSize": 18,
              "fontWeight": "200",
              "textAlign": "center",
              "textAlignVertical": "center",
            }
          }
        >
          ... nous contacter...
        </Text>
      </View>
      <View
        style={
          Array [
            Object {
              "flexDirection": "row",
              "justifyContent": "center",
            },
            Object {
              "width": 750,
            },
          ]
        }
      >
        <Text
          style={
            Object {
              "color": "#f4f4f4",
              "fontSize": 16,
              "fontWeight": "100",
              "marginLeft": 20,
              "marginRight": 20,
              "textAlign": "justify",
              "textAlignVertical": "center",
            }
          }
        >
          Pour nous contacter, vous pouvez envoyer un message via :
          


          - notre page facebook Grand Cercle,
          


          - notre compte facebook Gean Claude,
          


          - par mail à l'adresse suivante : communication@grandcercle.org.
        </Text>
      </View>
      <Text>
        
 

      </Text>
      <View
        style={
          Array [
            Object {
              "flexDirection": "row",
              "justifyContent": "center",
            },
            Object {
              "height": 86.13333333333334,
              "width": 750,
            },
          ]
        }
      >
        <Text
          style={
            Object {
              "color": "#f7bd13",
              "fontSize": 18,
              "fontWeight": "200",
              "textAlign": "center",
              "textAlignVertical": "center",
            }
          }
        >
          ... crédits pour l'application.
        </Text>
      </View>
      <View
        style={
          Object {
            "flexDirection": "row",
            "justifyContent": "center",
          }
        }
      >
        <Text
          style={
            Array [
              Object {
                "color": "#f4f4f4",
                "fontSize": 16,
                "fontWeight": "100",
                "marginLeft": 20,
                "marginRight": 20,
                "textAlign": "justify",
                "textAlignVertical": "center",
              },
              Object {
                "marginBottom": 20,
              },
            ]
          }
        >
          Un grand merci à David Desobry, listé BDS Storm à l'Ensimag sans qui cette application n'aurait pas vu le jour.
        </Text>
      </View>
    </View>
  </RCTScrollView>
</View>
`;
